JSON RPC Response
id: 1
Method: execute
Depth: 290017
Stop reason: cut-point-rule
Stop rule: IMP.while
Number of next states: 1
State:
<generatedTop>
  <T>
    <k>
      .K
    </k>
    <state>
      k |-> 10001 sum |-> 50005000
    </state>
  </T>
  <generatedCounter>
    0
  </generatedCounter>
</generatedTop>
Next state #0:
<generatedTop>
  <T>
    <k>
      .K
    </k>
    <state>
      k |-> 10001 sum |-> 50005000
    </state>
  </T>
  <generatedCounter>
    0
  </generatedCounter>
</generatedTop>