ARRAYSYNTAX
ARRAYSYNTAXLIST
AUTOCASTS
AUTOFOLLOW
BASICK
BASICKMLSYNTAX
BASICKSORTBOOL
BOOL
BOOLBOOLCOMMON
BOOLBOOLKORE
BOOLCOMMON
BOOLCOMMONBASICK
BOOLCOMMONBOOLSYNTAX
BOOLKORE
BOOLKOREBOOLCOMMON
BOOLSYNTAX
BOOLSYNTAXSORTBOOL
BUILTINIDTOKENS
BYTESHOOKED
BYTESHOOKEDBYTESSTRINGENCODE
BYTESHOOKEDBYTESSYNTAX
BYTESHOOKEDSTRINGSYNTAX
BYTESSTRINGENCODE
BYTESSTRINGENCODEBYTESSYNTAX
BYTESSYNTAX
BYTESSYNTAXSTRINGSYNTAX
CONFIGCELLS
CONFIGCELLSKCELLS
CONFIGCELLSRULELISTS
DEFAULTLAYOUT
DIGRAPH
DOMAINSSYNTAX
DOMAINSSYNTAXBOOLSYNTAX
DOMAINSSYNTAXIDSYNTAX
DOMAINSSYNTAXSORTK
DOMAINSSYNTAXSTRINGSYNTAX
DOMAINSSYNTAXUNSIGNEDINTSYNTAX
FLOATSYNTAX
ID
IDCOMMON
IDCOMMONIDSYNTAX
IDCOMMONSTRING
IDIDCOMMON
IDSYNTAX
IDSYNTAXPROGRAMPARSING
IDSYNTAXPROGRAMPARSINGBUILTINIDTOKENS
IMP
IMPBASICK
IMPBOOL
IMPIMPSYNTAX
IMPINT
IMPMAP
IMPSET
IMPSYNTAX
IMPSYNTAXBOOLSYNTAX
IMPSYNTAXID
IMPSYNTAXINTSYNTAX
IMPVERIFICATION
IMPVERIFICATIONIMP
IMPVERIFICATIONIMPVERIFICATIONSYNTAX
IMPVERIFICATIONSYNTAX
INT
INTBOOL
INTCOMMON
INTCOMMONBOOL
INTCOMMONINTSYNTAX
INTINTCOMMON
INTINTKORE
INTINTSYMBOLIC
INTKEQUAL
INTKORE
INTKOREBOOL
INTKOREINTCOMMON
INTKOREKEQUAL
INTSYMBOLIC
INTSYMBOLICBOOL
INTSYMBOLICINTCOMMON
INTSYMBOLICINTSYMBOLICKORE
INTSYMBOLICKORE
INTSYMBOLICKOREBOOL
INTSYMBOLICKOREINTCOMMON
INTSYMBOLICKOREMLSYNTAX
INTSYNTAX
INTSYNTAXUNSIGNEDINTSYNTAX
K
KAMBIGUITIES
KAST
KASTBASICK
KASTBUILTINIDTOKENS
KASTKSTRING
KASTSORTKBOTT
KAUTOCASTS
KAUTOFOLLOW
KBOTTOMSORT
KBOTTOMSORTSORTKBOTT
KCELLS
KCELLSKAST
KEQUAL
KEQUALBOOL
KEQUALKEQUALKORE
KEQUALKEQUALSYNTAX
KEQUALKORE
KEQUALKOREBOOL
KEQUALKOREKEQUALSYNTAX
KEQUALSYNTAX
KEQUALSYNTAXBASICK
KEQUALSYNTAXBOOL
KKREWRITE
KKSEQSYMBOLIC
KKSORTLATTICE
KLOCATIONS
KLOCATIONSINTSYNTAX
KLOCATIONSSTRINGSYNTAX
KRECORDPRODUCTIONS
KREFLECTION
KREFLECTIONBASICK
KREFLECTIONSTRING
KREQUIRESENSURES
KREWRITE
KSEQ
KSEQKAST
KSEQKTOPSORT
KSEQSYMBOLIC
KSEQSYMBOLICKSEQ
KSEQSYMBOLICKVARIABLESYNTAX
KSEQSYMBOLICMLSYNTAX
KSORTLATTICE
KSORTLATTICEKBOTTOMSORT
KSORTLATTICEKTOPSORT
KSORTPREDICATES
KSTRING
KTERM
KTERMAUTOCASTS
KTERMAUTOFOLLOW
KTERMKREWRITE
KTERMKSEQSYMBOLIC
KTERMKSORTLATTICE
KTERMRECORDPRODUCTIONS
KTERMSORTPREDICATES
KTOPSORT
KTOPSORTSORTKBOTT
KVARIABLESYNTAX
LANGUAGEPARSING
LANGUAGEPARSINGIDSYNTAXPROGRAMPARSING
LANGUAGEPARSINGIMPVERIFICATION
LANGUAGEPARSINGIMPVERIFICATIONSYNTAX
LANGUAGEPARSINGKTERM
LIST
LISTBASICK
LISTINTSYNTAX
MAP
MAPBOOLSYNTAX
MAPINTSYNTAX
MAPLIST
MAPSET
MINTSYNTAX
MLSYNTAX
MLSYNTAXSORTK
PROGRAMLISTS
PROGRAMLISTSSORTK
RECORDPRODUCTIONS
REQUIRESENSURES
REQUIRESENSURESBASICK
RULECELLS
RULECELLSKCELLS
RULECELLSRULELISTS
RULELISTS
RULETAGSYNTAX
RULETAGSYNTAXBUILTINIDTOKENS
SET
SETBASICK
SETINTSYNTAX
SORTBOOL
SORTK
SORTKBOTT
SORTKBOTTSORTK
SORTPREDICATES
STDINSTREAM
STDOUTSTREAM
STRING
STRINGCOMMON
STRINGCOMMONBOOL
STRINGCOMMONFLOATSYNTAX
STRINGCOMMONINT
STRINGCOMMONKEQUAL
STRINGCOMMONSTRINGSYNTAX
STRINGKORE
STRINGKOREKEQUAL
STRINGKORESTRINGCOMMON
STRINGSTRINGCOMMON
STRINGSTRINGKORE
STRINGSYNTAX
UNSIGNEDINTSYNTAX
