digraph {
	"ID-SYNTAX"
	"K-BOTTOM-SORT"
	"K-BOTTOM-SORT" -> "SORT-KBOTT"
	"K-REFLECTION"
	"K-REFLECTION" -> STRING
	"K-REFLECTION" -> "BASIC-K"
	ID
	ID -> "ID-COMMON"
	"RULE-TAG-SYNTAX"
	"RULE-TAG-SYNTAX" -> "BUILTIN-ID-TOKENS"
	KREWRITE
	"AUTO-CASTS"
	"ID-SYNTAX-PROGRAM-PARSING"
	"ID-SYNTAX-PROGRAM-PARSING" -> "BUILTIN-ID-TOKENS"
	KSEQ
	KSEQ -> KAST
	KSEQ -> "K-TOP-SORT"
	"K-TERM"
	"K-TERM" -> "KSEQ-SYMBOLIC"
	"K-TERM" -> KREWRITE
	"K-TERM" -> "K-SORT-LATTICE"
	"K-TERM" -> "SORT-PREDICATES"
	"K-TERM" -> "RECORD-PRODUCTIONS"
	"K-TERM" -> "AUTO-FOLLOW"
	"K-TERM" -> "AUTO-CASTS"
	"STRING-KORE"
	"STRING-KORE" -> "K-EQUAL"
	"STRING-KORE" -> "STRING-COMMON"
	"KVARIABLE-SYNTAX"
	"INT-SYNTAX"
	"INT-SYNTAX" -> "UNSIGNED-INT-SYNTAX"
	"RULE-LISTS"
	"KSEQ-SYMBOLIC"
	"KSEQ-SYMBOLIC" -> KSEQ
	"KSEQ-SYMBOLIC" -> "KVARIABLE-SYNTAX"
	"KSEQ-SYMBOLIC" -> "ML-SYNTAX"
	"DOMAINS-SYNTAX"
	"DOMAINS-SYNTAX" -> "STRING-SYNTAX"
	"DOMAINS-SYNTAX" -> "BOOL-SYNTAX"
	"DOMAINS-SYNTAX" -> "SORT-K"
	"DOMAINS-SYNTAX" -> "ID-SYNTAX"
	"DOMAINS-SYNTAX" -> "UNSIGNED-INT-SYNTAX"
	"RULE-CELLS"
	"RULE-CELLS" -> KCELLS
	"RULE-CELLS" -> "RULE-LISTS"
	"K-IO"
	"K-IO" -> LIST
	"K-IO" -> STRING
	"K-IO" -> INT
	SET
	SET -> "BASIC-K"
	SET -> "INT-SYNTAX"
	"FLOAT-SYNTAX"
	"BOOL-SYNTAX"
	"BOOL-SYNTAX" -> "SORT-BOOL"
	"AUTO-FOLLOW"
	"K-SORT-LATTICE"
	"K-SORT-LATTICE" -> "K-BOTTOM-SORT"
	"K-SORT-LATTICE" -> "K-TOP-SORT"
	"K-EQUAL-SYNTAX"
	"K-EQUAL-SYNTAX" -> "BASIC-K"
	"K-EQUAL-SYNTAX" -> BOOL
	KCELLS
	KCELLS -> KAST
	"ID-COMMON"
	"ID-COMMON" -> "ID-SYNTAX"
	"ID-COMMON" -> STRING
	"IMP-SYNTAX"
	"IMP-SYNTAX" -> ID
	"IMP-SYNTAX" -> "INT-SYNTAX"
	"IMP-SYNTAX" -> "BOOL-SYNTAX"
	"K-AMBIGUITIES"
	"STRING-SYNTAX"
	"BASIC-K"
	"BASIC-K" -> "ML-SYNTAX"
	"BASIC-K" -> "SORT-BOOL"
	"K-EQUAL"
	"K-EQUAL" -> "K-EQUAL-SYNTAX"
	"K-EQUAL" -> BOOL
	"K-EQUAL" -> "K-EQUAL-KORE"
	"UNSIGNED-INT-SYNTAX"
	"SORT-PREDICATES"
	"SORT-BOOL"
	"STDOUT-STREAM"
	"BYTES-SYNTAX"
	"BYTES-SYNTAX" -> "STRING-SYNTAX"
	STRING
	STRING -> "STRING-KORE"
	STRING -> "STRING-COMMON"
	"DEFAULT-LAYOUT"
	"STDIN-STREAM"
	"K-TOP-SORT"
	"K-TOP-SORT" -> "SORT-KBOTT"
	IMP
	IMP -> BOOL
	IMP -> "K-IO"
	IMP -> "BASIC-K"
	IMP -> SET
	IMP -> INT
	IMP -> "IMP-SYNTAX"
	IMP -> MAP
	"BYTES-CONCRETE"
	"BYTES-CONCRETE" -> "BYTES-HOOKED"
	"K-EQUAL-KORE"
	"K-EQUAL-KORE" -> "K-EQUAL-SYNTAX"
	"K-EQUAL-KORE" -> BOOL
	"MINT-SYNTAX"
	"ARRAY-SYNTAX"
	"ARRAY-SYNTAX" -> LIST
	"ML-SYNTAX"
	"ML-SYNTAX" -> "SORT-K"
	INT
	INT -> "INT-COMMON"
	INT -> "K-EQUAL"
	INT -> "INT-KORE"
	INT -> BOOL
	"REQUIRES-ENSURES"
	"REQUIRES-ENSURES" -> "BASIC-K"
	"INT-COMMON"
	"INT-COMMON" -> BOOL
	"INT-COMMON" -> "INT-SYNTAX"
	"SORT-KBOTT"
	"SORT-KBOTT" -> "SORT-K"
	"STRING-COMMON"
	"STRING-COMMON" -> "STRING-SYNTAX"
	"STRING-COMMON" -> "FLOAT-SYNTAX"
	"STRING-COMMON" -> INT
	"STRING-COMMON" -> BOOL
	"STRING-COMMON" -> "K-EQUAL"
	"BUILTIN-ID-TOKENS"
	LIST
	LIST -> "BASIC-K"
	LIST -> "INT-SYNTAX"
	"BYTES-HOOKED"
	"BYTES-HOOKED" -> "BYTES-SYNTAX"
	"BYTES-HOOKED" -> "STRING-SYNTAX"
	"PROGRAM-LISTS"
	"PROGRAM-LISTS" -> "SORT-K"
	"LANGUAGE-PARSING"
	"LANGUAGE-PARSING" -> IMP
	"LANGUAGE-PARSING" -> "IMP-SYNTAX"
	"LANGUAGE-PARSING" -> "K-TERM"
	"LANGUAGE-PARSING" -> "ID-SYNTAX-PROGRAM-PARSING"
	"SORT-K"
	"K-LOCATIONS"
	"K-LOCATIONS" -> "INT-SYNTAX"
	"K-LOCATIONS" -> "STRING-SYNTAX"
	BOOL
	BOOL -> "BASIC-K"
	BOOL -> "BOOL-SYNTAX"
	KSTRING
	"INT-KORE"
	"INT-KORE" -> "INT-COMMON"
	"INT-KORE" -> "K-EQUAL"
	K
	K -> "KSEQ-SYMBOLIC"
	K -> KREWRITE
	K -> "K-SORT-LATTICE"
	K -> "REQUIRES-ENSURES"
	K -> "SORT-PREDICATES"
	K -> "RECORD-PRODUCTIONS"
	K -> "AUTO-FOLLOW"
	K -> "AUTO-CASTS"
	"CONFIG-CELLS"
	"CONFIG-CELLS" -> KCELLS
	"CONFIG-CELLS" -> "RULE-LISTS"
	MAP
	MAP -> "INT-SYNTAX"
	MAP -> LIST
	MAP -> "BOOL-SYNTAX"
	MAP -> SET
	"RECORD-PRODUCTIONS"
	KAST
	KAST -> KSTRING
	KAST -> "BASIC-K"
	KAST -> "BUILTIN-ID-TOKENS"
	KAST -> "SORT-KBOTT"
}
