+ init sum-to-n sum-to-n-spec.k
+ list-cfgs
SUM-TO-N-SPEC.main
+ split-node #init N ==Int 1 --alias-true init-1 --alias-false init-not-1
+ split-node @init-not-1 N ==Int 2 --alias-true init-2 --alias-false init-not-1-2
+ split-node @init-not-1-2 N ==Int 10 --alias-true init-10
+ show-edge @init-not-1-2,@init-10
1a257b..1bd4cd (expanded, @init-not-1-2)
│ N ==Int 10
a425e5..4b490f (frontier, leaf, @init-10)

+ show-node @init-10
<T>
  <k>
    int $n , $s , .Ids ; $n = N ; $s = 0 ; while ( ! $n <= 0 ) { $s = $s + $n ; $n = $n + -1 ; }
  </k>
  <state>
    .Map
  </state>
</T>
#And { true #Equals N >=Int 0 }
#And { true #Equals N ==Int 10 }
#And { true #Equals notBool ( N ==Int 1 ) }
#And { true #Equals notBool ( N ==Int 2 ) }
+ build-edges @init-1,#target
+ verify-edges --edges @init-1,#target
+ build-edges @init-10,#target
+ verify-edges --edges @init-10,#target
+ build-edges @init-2,@init-10
CRITICAL - Could not verify claim: BASIC-BLOCK-cdb3dba1208f967019d9a737b5ae9c3f99e01ec8d4add5721d99e070388863e3-TO-a425e5e2ed1348d1503e07d50814643227f6db35ff58ba78b384a78ade4b490f

Prover output:

<generatedTop>
  <T>
    <k>
      int $s , .Ids ; $n = 2 ; $s = 0 ; while ( ! $n <= 0 ) { $s = $s + $n ; $n = $n + -1 ; }
    </k>
    <state>
      $n |-> 0
    </state>
  </T>
  ...
</generatedTop>
#And #Top.
+ show-cfg
508444..3623d3 (init, expanded)
┣━ 16058b..29d5c1 (expanded, @init-1)    N ==Int 1
┃   │  [1m[32m(verified)[0m[0m
┃   │  (-1 steps)
┃   └  6a6e72..499ac5 (target, leaf)
┃
┗━ 73e36d..9633b6 (expanded, @init-not-1)    notBool ( N ==Int 1 )
    ┣━ cdb3db..8863e3 (expanded, @init-2)    N ==Int 2
    ┃   │  (-1 steps)
    ┃   ├  a425e5..4b490f (expanded, @init-10)
    ┃   │  [1m[32m(verified)[0m[0m
    ┃   │  (-1 steps)
    ┃   └  6a6e72..499ac5 (target, leaf)
    ┃
    ┗━ 1a257b..1bd4cd (expanded, @init-not-1-2)    notBool ( N ==Int 2 )
        ┣━ a425e5..4b490f (expanded, @init-10)    N ==Int 10
        ┃   ┊ (continues as previously)
        ┃
        ┗━ [1md4bf3e..e01c82 (frontier, leaf)[0m    notBool ( N ==Int 10 )



