.TranslationUnit
.DeclSpecifiers  typedef  int .InitDecls , * T ;
amb ( .DeclSpecifiers  typedef  int  AA ; , .DeclSpecifiers  typedef  int .InitDecls , AA ; )
.DeclSpecifiers  int main ( ) {
  .BlockItems
  amb ( .DeclSpecifiers  T .InitDecls , x ; , T ( x ) ; )
  amb ( .DeclSpecifiers  S .InitDecls , x ; , S ( x ) ; )
  amb ( T * y ; , .DeclSpecifiers  T .InitDecls , * y ; )
  .DeclSpecifiers  int .InitDecls , U , z ;
  amb ( U * z ; , .DeclSpecifiers  U .InitDecls , * z ; )
  func ( amb ( T * x , ( .SpecifierQuals  T ) * x ) ) ;
  func ( amb ( U * z , ( .SpecifierQuals  U ) * z ) ) ;
  amb ( .DeclSpecifiers  int  AA ; , .DeclSpecifiers  int .InitDecls , AA ; )
  .DeclSpecifiers  int .InitDecls , BB = AA * 2 ;
  amb ( .DeclSpecifiers  typedef  int  CC ; , .DeclSpecifiers  typedef  int .InitDecls , CC ; )
}
.DeclSpecifiers  void foo ( ) {
  .BlockItems
  amb ( .DeclSpecifiers  AA  bb ; , .DeclSpecifiers  AA .InitDecls , bb ; )
  amb ( .DeclSpecifiers  float  AA ; , .DeclSpecifiers  float .InitDecls , AA ; )
}
.DeclSpecifiers  void bar ( ) {
  .BlockItems
  amb ( .DeclSpecifiers  AA  AA ; , .DeclSpecifiers  AA .InitDecls , AA ; )
  .DeclSpecifiers  int .InitDecls , BB = AA * 2 ;
}
amb ( .DeclSpecifiers  typedef  char  C ; , .DeclSpecifiers  typedef  char .InitDecls , C ; )
.DeclSpecifiers  void baz ( ) {
  .BlockItems
  .DeclSpecifiers  int .InitDecls , aa = amb ( sizeof C , sizeof ( .SpecifierQuals  C ) ) , C , bb = amb ( sizeof C , sizeof ( .SpecifierQuals  C ) ) ;
}
